This file contains any messages produced by compilers while
running configure, to aid debugging if configure makes a mistake.

It was created by libnl configure 3.7.0, which was
generated by GNU Autoconf 2.71.  Invocation command line was

  $ ./configure --host=arm-linux-gnueabi --prefix=/work/build/wifi/nlprefix --disable-shared --enable-static --disable-cli 'CFLAGS=-O2 -march=armv7-a -mfpu=neon-vfpv4 -mfloat-abi=softfp'

## --------- ##
## Platform. ##
## --------- ##

hostname = f5bd2bbcd419
uname -m = aarch64
uname -r = 7.0.12-linuxkit
uname -s = Linux
uname -v = #1 SMP PREEMPT Wed Aug 12 20:18:49 UTC 2026

/usr/bin/uname -p = unknown
/bin/uname -X     = unknown

/bin/arch              = unknown
/usr/bin/arch -k       = unknown
/usr/convex/getsysinfo = unknown
/usr/bin/hostinfo      = unknown
/bin/machine           = unknown
/usr/bin/oslevel       = unknown
/bin/universe          = unknown

PATH: /usr/local/sbin/
PATH: /usr/local/bin/
PATH: /usr/sbin/
PATH: /usr/bin/
PATH: /sbin/
PATH: /bin/


## ----------- ##
## Core tests. ##
## ----------- ##

configure:2407: looking for aux files: config.guess config.sub ltmain.sh compile ar-lib missing install-sh
configure:2420:  trying ./build-aux/
configure:2449:   ./build-aux/config.guess found
configure:2449:   ./build-aux/config.sub found
configure:2449:   ./build-aux/ltmain.sh found
configure:2449:   ./build-aux/compile found
configure:2449:   ./build-aux/ar-lib found
configure:2449:   ./build-aux/missing found
configure:2431:   ./build-aux/install-sh found
configure:2582: checking for a BSD-compatible install
configure:2655: result: /usr/bin/install -c
configure:2666: checking whether build environment is sane
configure:2721: result: yes
configure:2777: checking for arm-linux-gnueabi-strip
configure:2798: found /usr/bin/arm-linux-gnueabi-strip
configure:2809: result: arm-linux-gnueabi-strip
configure:2880: checking for a race-free mkdir -p
configure:2924: result: /bin/mkdir -p
configure:2931: checking for gawk
configure:2952: found /usr/bin/gawk
configure:2963: result: gawk
configure:2974: checking whether make sets $(MAKE)
configure:2997: result: yes
configure:3027: checking whether make supports nested variables
configure:3045: result: yes
configure:3193: checking whether make supports nested variables
configure:3211: result: yes
configure:3235: checking whether make supports the include directive
configure:3250: make -f confmf.GNU && cat confinc.out
make: Warning: File 'confmf.GNU' has modification time 3.2e-05 s in the future
make: warning:  Clock skew detected.  Your build may be incomplete.
this is the am__doit target
configure:3253: $? = 0
configure:3272: result: yes (GNU style)
configure:3303: checking for arm-linux-gnueabi-gcc
configure:3335: result: arm-linux-gnueabi-gcc
configure:3733: checking for C compiler version
configure:3742: arm-linux-gnueabi-gcc --version >&5
arm-linux-gnueabi-gcc (Debian 6.3.0-18) 6.3.0 20170516
Copyright (C) 2016 Free Software Foundation, Inc.
This is free software; see the source for copying conditions.  There is NO
warranty; not even for MERCHANTABILITY or FITNESS FOR A PARTICULAR PURPOSE.

configure:3753: $? = 0
configure:3742: arm-linux-gnueabi-gcc -v >&5
Using built-in specs.
COLLECT_GCC=arm-linux-gnueabi-gcc
COLLECT_LTO_WRAPPER=/usr/lib/gcc-cross/arm-linux-gnueabi/6/lto-wrapper
Target: arm-linux-gnueabi
Configured with: ../src/configure -v --with-pkgversion='Debian 6.3.0-18' --with-bugurl=file:///usr/share/doc/gcc-6/README.Bugs --enable-languages=c,ada,c++,java,go,d,fortran,objc,obj-c++ --prefix=/usr --program-suffix=-6 --enable-shared --enable-linker-build-id --libexecdir=/usr/lib --without-included-gettext --enable-threads=posix --libdir=/usr/lib --enable-nls --with-sysroot=/ --enable-clocale=gnu --enable-libstdcxx-debug --enable-libstdcxx-time=yes --with-default-libstdcxx-abi=new --enable-gnu-unique-object --disable-libitm --disable-libquadmath --enable-plugin --enable-default-pie --with-system-zlib --disable-browser-plugin --enable-java-awt=gtk --enable-gtk-cairo --with-java-home=/usr/lib/jvm/java-1.5.0-gcj-6-armel-cross/jre --enable-java-home --with-jvm-root-dir=/usr/lib/jvm/java-1.5.0-gcj-6-armel-cross --with-jvm-jar-dir=/usr/lib/jvm-exports/java-1.5.0-gcj-6-armel-cross --with-arch-directory=arm --with-ecj-jar=/usr/share/java/eclipse-ecj.jar --disable-libgcj --with-target-system-zlib --enable-objc-gc=auto --enable-multiarch --disable-sjlj-exceptions --with-arch=armv4t --with-float=soft --enable-checking=release --build=aarch64-linux-gnu --host=aarch64-linux-gnu --target=arm-linux-gnueabi --program-prefix=arm-linux-gnueabi- --includedir=/usr/arm-linux-gnueabi/include
Thread model: posix
gcc version 6.3.0 20170516 (Debian 6.3.0-18) 
configure:3753: $? = 0
configure:3742: arm-linux-gnueabi-gcc -V >&5
arm-linux-gnueabi-gcc: error: unrecognized command line option '-V'
arm-linux-gnueabi-gcc: fatal error: no input files
compilation terminated.
configure:3753: $? = 1
configure:3742: arm-linux-gnueabi-gcc -qversion >&5
arm-linux-gnueabi-gcc: error: unrecognized command line option '-qversion'; did you mean '--version'?
arm-linux-gnueabi-gcc: fatal error: no input files
compilation terminated.
configure:3753: $? = 1
configure:3742: arm-linux-gnueabi-gcc -version >&5
arm-linux-gnueabi-gcc: error: unrecognized command line option '-version'
arm-linux-gnueabi-gcc: fatal error: no input files
compilation terminated.
configure:3753: $? = 1
configure:3773: checking whether the C compiler works
configure:3795: arm-linux-gnueabi-gcc -O2 -march=armv7-a -mfpu=neon-vfpv4 -mfloat-abi=softfp   conftest.c  >&5
configure:3799: $? = 0
configure:3849: result: yes
configure:3852: checking for C compiler default output file name
configure:3854: result: a.out
configure:3860: checking for suffix of executables
configure:3867: arm-linux-gnueabi-gcc -o conftest -O2 -march=armv7-a -mfpu=neon-vfpv4 -mfloat-abi=softfp   conftest.c  >&5
configure:3871: $? = 0
configure:3894: result: 
configure:3916: checking whether we are cross compiling
configure:3924: arm-linux-gnueabi-gcc -o conftest -O2 -march=armv7-a -mfpu=neon-vfpv4 -mfloat-abi=softfp   conftest.c  >&5
configure:3928: $? = 0
configure:3935: ./conftest
qemu-arm: Could not open '/lib/ld-linux.so.3': No such file or directory
configure:3939: $? = 255
configure:3954: result: yes
configure:3959: checking for suffix of object files
configure:3982: arm-linux-gnueabi-gcc -c -O2 -march=armv7-a -mfpu=neon-vfpv4 -mfloat-abi=softfp  conftest.c >&5
configure:3986: $? = 0
configure:4008: result: o
configure:4012: checking whether the compiler supports GNU C
configure:4032: arm-linux-gnueabi-gcc -c -O2 -march=armv7-a -mfpu=neon-vfpv4 -mfloat-abi=softfp  conftest.c >&5
configure:4032: $? = 0
configure:4042: result: yes
configure:4053: checking whether arm-linux-gnueabi-gcc accepts -g
configure:4074: arm-linux-gnueabi-gcc -c -g  conftest.c >&5
configure:4074: $? = 0
configure:4118: result: yes
configure:4138: checking for arm-linux-gnueabi-gcc option to enable C11 features
configure:4153: arm-linux-gnueabi-gcc  -c -O2 -march=armv7-a -mfpu=neon-vfpv4 -mfloat-abi=softfp  conftest.c >&5
configure:4153: $? = 0
configure:4171: result: none needed
configure:4287: checking whether arm-linux-gnueabi-gcc understands -c and -o together
configure:4310: arm-linux-gnueabi-gcc -c conftest.c -o conftest2.o
configure:4313: $? = 0
configure:4310: arm-linux-gnueabi-gcc -c conftest.c -o conftest2.o
configure:4313: $? = 0
configure:4325: result: yes
configure:4344: checking dependency style of arm-linux-gnueabi-gcc
configure:4456: result: gcc3
configure:4478: checking for arm-linux-gnueabi-ar
configure:4499: found /usr/bin/arm-linux-gnueabi-ar
configure:4510: result: arm-linux-gnueabi-ar
configure:4585: checking the archiver (arm-linux-gnueabi-ar) interface
configure:4602: arm-linux-gnueabi-gcc -c -O2 -march=armv7-a -mfpu=neon-vfpv4 -mfloat-abi=softfp  conftest.c >&5
configure:4602: $? = 0
configure:4605: arm-linux-gnueabi-ar cru libconftest.a conftest.o >&5
arm-linux-gnueabi-ar: `u' modifier ignored since `D' is the default (see `U')
configure:4608: $? = 0
configure:4636: result: ar
configure:4683: checking for arm-linux-gnueabi-gcc
configure:4715: result: arm-linux-gnueabi-gcc
configure:5113: checking for C compiler version
configure:5122: arm-linux-gnueabi-gcc --version >&5
arm-linux-gnueabi-gcc (Debian 6.3.0-18) 6.3.0 20170516
Copyright (C) 2016 Free Software Foundation, Inc.
This is free software; see the source for copying conditions.  There is NO
warranty; not even for MERCHANTABILITY or FITNESS FOR A PARTICULAR PURPOSE.

configure:5133: $? = 0
configure:5122: arm-linux-gnueabi-gcc -v >&5
Using built-in specs.
COLLECT_GCC=arm-linux-gnueabi-gcc
COLLECT_LTO_WRAPPER=/usr/lib/gcc-cross/arm-linux-gnueabi/6/lto-wrapper
Target: arm-linux-gnueabi
Configured with: ../src/configure -v --with-pkgversion='Debian 6.3.0-18' --with-bugurl=file:///usr/share/doc/gcc-6/README.Bugs --enable-languages=c,ada,c++,java,go,d,fortran,objc,obj-c++ --prefix=/usr --program-suffix=-6 --enable-shared --enable-linker-build-id --libexecdir=/usr/lib --without-included-gettext --enable-threads=posix --libdir=/usr/lib --enable-nls --with-sysroot=/ --enable-clocale=gnu --enable-libstdcxx-debug --enable-libstdcxx-time=yes --with-default-libstdcxx-abi=new --enable-gnu-unique-object --disable-libitm --disable-libquadmath --enable-plugin --enable-default-pie --with-system-zlib --disable-browser-plugin --enable-java-awt=gtk --enable-gtk-cairo --with-java-home=/usr/lib/jvm/java-1.5.0-gcj-6-armel-cross/jre --enable-java-home --with-jvm-root-dir=/usr/lib/jvm/java-1.5.0-gcj-6-armel-cross --with-jvm-jar-dir=/usr/lib/jvm-exports/java-1.5.0-gcj-6-armel-cross --with-arch-directory=arm --with-ecj-jar=/usr/share/java/eclipse-ecj.jar --disable-libgcj --with-target-system-zlib --enable-objc-gc=auto --enable-multiarch --disable-sjlj-exceptions --with-arch=armv4t --with-float=soft --enable-checking=release --build=aarch64-linux-gnu --host=aarch64-linux-gnu --target=arm-linux-gnueabi --program-prefix=arm-linux-gnueabi- --includedir=/usr/arm-linux-gnueabi/include
Thread model: posix
gcc version 6.3.0 20170516 (Debian 6.3.0-18) 
configure:5133: $? = 0
configure:5122: arm-linux-gnueabi-gcc -V >&5
arm-linux-gnueabi-gcc: error: unrecognized command line option '-V'
arm-linux-gnueabi-gcc: fatal error: no input files
compilation terminated.
configure:5133: $? = 1
configure:5122: arm-linux-gnueabi-gcc -qversion >&5
arm-linux-gnueabi-gcc: error: unrecognized command line option '-qversion'; did you mean '--version'?
arm-linux-gnueabi-gcc: fatal error: no input files
compilation terminated.
configure:5133: $? = 1
configure:5122: arm-linux-gnueabi-gcc -version >&5
arm-linux-gnueabi-gcc: error: unrecognized command line option '-version'
arm-linux-gnueabi-gcc: fatal error: no input files
compilation terminated.
configure:5133: $? = 1
configure:5137: checking whether the compiler supports GNU C
configure:5167: result: yes
configure:5178: checking whether arm-linux-gnueabi-gcc accepts -g
configure:5243: result: yes
configure:5263: checking for arm-linux-gnueabi-gcc option to enable C11 features
configure:5296: result: none needed
configure:5412: checking whether arm-linux-gnueabi-gcc understands -c and -o together
configure:5450: result: yes
configure:5469: checking dependency style of arm-linux-gnueabi-gcc
configure:5581: result: gcc3
configure:5630: checking build system type
configure:5645: result: aarch64-unknown-linux-gnu
configure:5665: checking host system type
configure:5679: result: arm-unknown-linux-gnueabi
configure:5720: checking how to print strings
configure:5747: result: printf
configure:5768: checking for a sed that does not truncate output
configure:5838: result: /bin/sed
configure:5856: checking for grep that handles long lines and -e
configure:5920: result: /bin/grep
configure:5925: checking for egrep
configure:5993: result: /bin/grep -E
configure:5998: checking for fgrep
configure:6066: result: /bin/grep -F
configure:6102: checking for ld used by arm-linux-gnueabi-gcc
configure:6170: result: /usr/arm-linux-gnueabi/bin/ld
configure:6177: checking if the linker (/usr/arm-linux-gnueabi/bin/ld) is GNU ld
configure:6193: result: yes
configure:6205: checking for BSD- or MS-compatible name lister (nm)
configure:6260: result: /usr/bin/arm-linux-gnueabi-nm -B
configure:6400: checking the name lister (/usr/bin/arm-linux-gnueabi-nm -B) interface
configure:6408: arm-linux-gnueabi-gcc -c -O2 -march=armv7-a -mfpu=neon-vfpv4 -mfloat-abi=softfp  conftest.c >&5
configure:6411: /usr/bin/arm-linux-gnueabi-nm -B "conftest.o"
configure:6414: output
00000000 B some_variable
configure:6421: result: BSD nm
configure:6424: checking whether ln -s works
configure:6428: result: yes
configure:6436: checking the maximum length of command line arguments
configure:6568: result: 1572864
configure:6616: checking how to convert aarch64-unknown-linux-gnu file names to arm-unknown-linux-gnueabi format
configure:6657: result: func_convert_file_noop
configure:6664: checking how to convert aarch64-unknown-linux-gnu file names to toolchain format
configure:6685: result: func_convert_file_noop
configure:6692: checking for /usr/arm-linux-gnueabi/bin/ld option to reload object files
configure:6700: result: -r
configure:6734: checking for arm-linux-gnueabi-file
configure:6769: result: no
configure:6779: checking for file
configure:6800: found /usr/bin/file
configure:6811: result: file
configure:6823: WARNING: using cross tools not prefixed with host triplet
configure:6842: checking for arm-linux-gnueabi-objdump
configure:6863: found /usr/bin/arm-linux-gnueabi-objdump
configure:6874: result: arm-linux-gnueabi-objdump
configure:6951: checking how to recognize dependent libraries
configure:7152: result: pass_all
configure:7197: checking for arm-linux-gnueabi-dlltool
configure:7232: result: no
configure:7242: checking for dlltool
configure:7277: result: no
configure:7307: checking how to associate runtime and link libraries
configure:7335: result: printf %s\n
configure:7351: checking for arm-linux-gnueabi-ar
configure:7383: result: arm-linux-gnueabi-ar
configure:7485: checking for archiver @FILE support
configure:7503: arm-linux-gnueabi-gcc -c -O2 -march=armv7-a -mfpu=neon-vfpv4 -mfloat-abi=softfp  conftest.c >&5
configure:7503: $? = 0
configure:7507: arm-linux-gnueabi-ar cr libconftest.a @conftest.lst >&5
configure:7510: $? = 0
configure:7515: arm-linux-gnueabi-ar cr libconftest.a @conftest.lst >&5
arm-linux-gnueabi-ar: conftest.o: No such file or directory
configure:7518: $? = 1
configure:7530: result: @
configure:7548: checking for arm-linux-gnueabi-strip
configure:7580: result: arm-linux-gnueabi-strip
configure:7657: checking for arm-linux-gnueabi-ranlib
configure:7678: found /usr/bin/arm-linux-gnueabi-ranlib
configure:7689: result: arm-linux-gnueabi-ranlib
configure:7836: checking command to parse /usr/bin/arm-linux-gnueabi-nm -B output from arm-linux-gnueabi-gcc object
configure:7990: arm-linux-gnueabi-gcc -c -O2 -march=armv7-a -mfpu=neon-vfpv4 -mfloat-abi=softfp  conftest.c >&5
configure:7993: $? = 0
configure:7997: /usr/bin/arm-linux-gnueabi-nm -B conftest.o \| /bin/sed -n -e 's/^.*[ ]\([ABCDGIRSTW][ABCDGIRSTW]*\)[ ][ ]*\([_A-Za-z][_A-Za-z0-9]*\)$/\1 \2 \2/p' | /bin/sed '/ __gnu_lto/d' \> conftest.nm
configure:8000: $? = 0
configure:8066: arm-linux-gnueabi-gcc -o conftest -O2 -march=armv7-a -mfpu=neon-vfpv4 -mfloat-abi=softfp   conftest.c conftstm.o >&5
configure:8069: $? = 0
configure:8107: result: ok
configure:8154: checking for sysroot
configure:8185: result: no
configure:8192: checking for a working dd
configure:8236: result: /bin/dd
configure:8240: checking how to truncate binary pipes
configure:8256: result: /bin/dd bs=4096 count=1
configure:8548: checking for arm-linux-gnueabi-mt
configure:8583: result: no
configure:8593: checking for mt
configure:8628: result: no
configure:8648: checking if : is a manifest tool
configure:8655: : '-?'
configure:8663: result: no
configure:9388: checking for stdio.h
configure:9388: arm-linux-gnueabi-gcc -c -O2 -march=armv7-a -mfpu=neon-vfpv4 -mfloat-abi=softfp  conftest.c >&5
configure:9388: $? = 0
configure:9388: result: yes
configure:9388: checking for stdlib.h
configure:9388: arm-linux-gnueabi-gcc -c -O2 -march=armv7-a -mfpu=neon-vfpv4 -mfloat-abi=softfp  conftest.c >&5
configure:9388: $? = 0
configure:9388: result: yes
configure:9388: checking for string.h
configure:9388: arm-linux-gnueabi-gcc -c -O2 -march=armv7-a -mfpu=neon-vfpv4 -mfloat-abi=softfp  conftest.c >&5
configure:9388: $? = 0
configure:9388: result: yes
configure:9388: checking for inttypes.h
configure:9388: arm-linux-gnueabi-gcc -c -O2 -march=armv7-a -mfpu=neon-vfpv4 -mfloat-abi=softfp  conftest.c >&5
configure:9388: $? = 0
configure:9388: result: yes
configure:9388: checking for stdint.h
configure:9388: arm-linux-gnueabi-gcc -c -O2 -march=armv7-a -mfpu=neon-vfpv4 -mfloat-abi=softfp  conftest.c >&5
configure:9388: $? = 0
configure:9388: result: yes
configure:9388: checking for strings.h
configure:9388: arm-linux-gnueabi-gcc -c -O2 -march=armv7-a -mfpu=neon-vfpv4 -mfloat-abi=softfp  conftest.c >&5
configure:9388: $? = 0
configure:9388: result: yes
configure:9388: checking for sys/stat.h
configure:9388: arm-linux-gnueabi-gcc -c -O2 -march=armv7-a -mfpu=neon-vfpv4 -mfloat-abi=softfp  conftest.c >&5
configure:9388: $? = 0
configure:9388: result: yes
configure:9388: checking for sys/types.h
configure:9388: arm-linux-gnueabi-gcc -c -O2 -march=armv7-a -mfpu=neon-vfpv4 -mfloat-abi=softfp  conftest.c >&5
configure:9388: $? = 0
configure:9388: result: yes
configure:9388: checking for unistd.h
configure:9388: arm-linux-gnueabi-gcc -c -O2 -march=armv7-a -mfpu=neon-vfpv4 -mfloat-abi=softfp  conftest.c >&5
configure:9388: $? = 0
configure:9388: result: yes
configure:9413: checking for dlfcn.h
configure:9413: arm-linux-gnueabi-gcc -c -O2 -march=armv7-a -mfpu=neon-vfpv4 -mfloat-abi=softfp  conftest.c >&5
configure:9413: $? = 0
configure:9413: result: yes
configure:9672: checking for objdir
configure:9688: result: .libs
configure:9952: checking if arm-linux-gnueabi-gcc supports -fno-rtti -fno-exceptions
configure:9971: arm-linux-gnueabi-gcc -c -O2 -march=armv7-a -mfpu=neon-vfpv4 -mfloat-abi=softfp  -fno-rtti -fno-exceptions conftest.c >&5
cc1: warning: command line option '-fno-rtti' is valid for C++/ObjC++ but not for C
configure:9975: $? = 0
configure:9988: result: no
configure:10346: checking for arm-linux-gnueabi-gcc option to produce PIC
configure:10354: result: -fPIC -DPIC
configure:10362: checking if arm-linux-gnueabi-gcc PIC flag -fPIC -DPIC works
configure:10381: arm-linux-gnueabi-gcc -c -O2 -march=armv7-a -mfpu=neon-vfpv4 -mfloat-abi=softfp  -fPIC -DPIC -DPIC conftest.c >&5
configure:10385: $? = 0
configure:10398: result: yes
configure:10427: checking if arm-linux-gnueabi-gcc static flag -static works
configure:10456: result: yes
configure:10471: checking if arm-linux-gnueabi-gcc supports -c -o file.o
configure:10493: arm-linux-gnueabi-gcc -c -O2 -march=armv7-a -mfpu=neon-vfpv4 -mfloat-abi=softfp  -o out/conftest2.o conftest.c >&5
configure:10497: $? = 0
configure:10519: result: yes
configure:10527: checking if arm-linux-gnueabi-gcc supports -c -o file.o
configure:10575: result: yes
configure:10608: checking whether the arm-linux-gnueabi-gcc linker (/usr/arm-linux-gnueabi/bin/ld) supports shared libraries
configure:11876: result: yes
configure:12117: checking dynamic linker characteristics
configure:12699: arm-linux-gnueabi-gcc -o conftest -O2 -march=armv7-a -mfpu=neon-vfpv4 -mfloat-abi=softfp   -Wl,-rpath -Wl,/foo conftest.c  >&5
configure:12699: $? = 0
configure:12941: result: GNU/Linux ld.so
configure:13063: checking how to hardcode library paths into programs
configure:13088: result: immediate
configure:13640: checking whether stripping libraries is possible
configure:13649: result: yes
configure:13691: checking if libtool supports shared libraries
configure:13693: result: yes
configure:13696: checking whether to build shared libraries
configure:13721: result: no
configure:13724: checking whether to build static libraries
configure:13728: result: yes
configure:13770: checking for flex
configure:13791: found /usr/bin/flex
configure:13802: result: flex
configure:13817: checking for bison
configure:13838: found /usr/bin/bison
configure:13849: result: bison -y
configure:13861: checking for an ANSI C-conforming const
configure:13928: arm-linux-gnueabi-gcc -c -O2 -march=armv7-a -mfpu=neon-vfpv4 -mfloat-abi=softfp  conftest.c >&5
configure:13928: $? = 0
configure:13936: result: yes
configure:13944: checking for inline
configure:13961: arm-linux-gnueabi-gcc -c -O2 -march=armv7-a -mfpu=neon-vfpv4 -mfloat-abi=softfp  conftest.c >&5
configure:13961: $? = 0
configure:13970: result: inline
configure:14000: checking for arm-linux-gnueabi-pkg-config
configure:14038: result: no
configure:14048: checking for pkg-config
configure:14071: found /usr/bin/pkg-config
configure:14083: result: /usr/bin/pkg-config
configure:14108: checking pkg-config is at least version 0.9.0
configure:14111: result: yes
configure:14121: checking for CHECK
configure:14128: $PKG_CONFIG --exists --print-errors "check >= 0.9.0"
Package check was not found in the pkg-config search path.
Perhaps you should add the directory containing `check.pc'
to the PKG_CONFIG_PATH environment variable
No package 'check' found
configure:14131: $? = 1
configure:14145: $PKG_CONFIG --exists --print-errors "check >= 0.9.0"
Package check was not found in the pkg-config search path.
Perhaps you should add the directory containing `check.pc'
to the PKG_CONFIG_PATH environment variable
No package 'check' found
configure:14148: $? = 1
configure:14162: result: no
No package 'check' found
configure:14178: WARNING: *** Disabling building of unit tests
configure:14252: checking for dlfcn.h
configure:14252: result: yes
configure:14281: checking for pthread_mutex_lock in -lpthread
configure:14304: arm-linux-gnueabi-gcc -o conftest -O2 -march=armv7-a -mfpu=neon-vfpv4 -mfloat-abi=softfp   conftest.c -lpthread   >&5
configure:14304: $? = 0
configure:14314: result: yes
configure:14356: checking for strerror_l
configure:14356: arm-linux-gnueabi-gcc -o conftest -O2 -march=armv7-a -mfpu=neon-vfpv4 -mfloat-abi=softfp   conftest.c -lpthread  >&5
configure:14356: $? = 0
configure:14356: result: yes
configure:14491: checking that generated files are newer than configure
configure:14497: result: done
configure:14548: creating ./config.status

## ---------------------- ##
## Running config.status. ##
## ---------------------- ##

This file was extended by libnl config.status 3.7.0, which was
generated by GNU Autoconf 2.71.  Invocation command line was

  CONFIG_FILES    = 
  CONFIG_HEADERS  = 
  CONFIG_LINKS    = 
  CONFIG_COMMANDS = 
  $ ./config.status 

on f5bd2bbcd419

config.status:1124: creating Makefile
config.status:1124: creating libnl-3.0.pc
config.status:1124: creating libnl-route-3.0.pc
config.status:1124: creating libnl-genl-3.0.pc
config.status:1124: creating libnl-nf-3.0.pc
config.status:1124: creating libnl-cli-3.0.pc
config.status:1124: creating libnl-xfrm-3.0.pc
config.status:1124: creating libnl-idiag-3.0.pc
config.status:1124: creating python/setup.py
config.status:1124: creating include/netlink/version.h
config.status:1124: creating lib/defs.h
config.status:1353: executing depfiles commands
config.status:1430: cd .       && sed -e '/# am--include-marker/d' Makefile         | make -f - am--depfiles
config.status:1435: $? = 0
config.status:1353: executing libtool commands

## ---------------- ##
## Cache variables. ##
## ---------------- ##

ac_cv_build=aarch64-unknown-linux-gnu
ac_cv_c_compiler_gnu=yes
ac_cv_c_const=yes
ac_cv_c_inline=inline
ac_cv_env_CC_set=set
ac_cv_env_CC_value=arm-linux-gnueabi-gcc
ac_cv_env_CFLAGS_set=set
ac_cv_env_CFLAGS_value='-O2 -march=armv7-a -mfpu=neon-vfpv4 -mfloat-abi=softfp'
ac_cv_env_CHECK_CFLAGS_set=
ac_cv_env_CHECK_CFLAGS_value=
ac_cv_env_CHECK_LIBS_set=
ac_cv_env_CHECK_LIBS_value=
ac_cv_env_CPPFLAGS_set=
ac_cv_env_CPPFLAGS_value=
ac_cv_env_LDFLAGS_set=
ac_cv_env_LDFLAGS_value=
ac_cv_env_LIBS_set=
ac_cv_env_LIBS_value=
ac_cv_env_LT_SYS_LIBRARY_PATH_set=
ac_cv_env_LT_SYS_LIBRARY_PATH_value=
ac_cv_env_PKG_CONFIG_LIBDIR_set=
ac_cv_env_PKG_CONFIG_LIBDIR_value=
ac_cv_env_PKG_CONFIG_PATH_set=
ac_cv_env_PKG_CONFIG_PATH_value=
ac_cv_env_PKG_CONFIG_set=
ac_cv_env_PKG_CONFIG_value=
ac_cv_env_build_alias_set=
ac_cv_env_build_alias_value=
ac_cv_env_host_alias_set=set
ac_cv_env_host_alias_value=arm-linux-gnueabi
ac_cv_env_target_alias_set=
ac_cv_env_target_alias_value=
ac_cv_func_strerror_l=yes
ac_cv_header_dlfcn_h=yes
ac_cv_header_inttypes_h=yes
ac_cv_header_stdint_h=yes
ac_cv_header_stdio_h=yes
ac_cv_header_stdlib_h=yes
ac_cv_header_string_h=yes
ac_cv_header_strings_h=yes
ac_cv_header_sys_stat_h=yes
ac_cv_header_sys_types_h=yes
ac_cv_header_unistd_h=yes
ac_cv_host=arm-unknown-linux-gnueabi
ac_cv_lib_pthread_pthread_mutex_lock=yes
ac_cv_objext=o
ac_cv_path_EGREP='/bin/grep -E'
ac_cv_path_FGREP='/bin/grep -F'
ac_cv_path_GREP=/bin/grep
ac_cv_path_SED=/bin/sed
ac_cv_path_ac_pt_PKG_CONFIG=/usr/bin/pkg-config
ac_cv_path_install='/usr/bin/install -c'
ac_cv_path_lt_DD=/bin/dd
ac_cv_path_mkdir=/bin/mkdir
ac_cv_prog_AR=arm-linux-gnueabi-ar
ac_cv_prog_AWK=gawk
ac_cv_prog_CC=arm-linux-gnueabi-gcc
ac_cv_prog_FLEX=flex
ac_cv_prog_OBJDUMP=arm-linux-gnueabi-objdump
ac_cv_prog_RANLIB=arm-linux-gnueabi-ranlib
ac_cv_prog_STRIP=arm-linux-gnueabi-strip
ac_cv_prog_YACC='bison -y'
ac_cv_prog_ac_ct_FILECMD=file
ac_cv_prog_cc_c11=
ac_cv_prog_cc_g=yes
ac_cv_prog_cc_stdc=
ac_cv_prog_make_make_set=yes
am_cv_CC_dependencies_compiler_type=gcc3
am_cv_ar_interface=ar
am_cv_make_support_nested_variables=yes
am_cv_prog_cc_c_o=yes
lt_cv_ar_at_file=@
lt_cv_deplibs_check_method=pass_all
lt_cv_file_magic_cmd='$MAGIC_CMD'
lt_cv_file_magic_test_file=
lt_cv_ld_reload_flag=-r
lt_cv_nm_interface='BSD nm'
lt_cv_objdir=.libs
lt_cv_path_LD=/usr/arm-linux-gnueabi/bin/ld
lt_cv_path_NM='/usr/bin/arm-linux-gnueabi-nm -B'
lt_cv_path_mainfest_tool=no
lt_cv_prog_compiler_c_o=yes
lt_cv_prog_compiler_pic='-fPIC -DPIC'
lt_cv_prog_compiler_pic_works=yes
lt_cv_prog_compiler_rtti_exceptions=no
lt_cv_prog_compiler_static_works=yes
lt_cv_prog_gnu_ld=yes
lt_cv_sharedlib_from_linklib_cmd='printf %s\n'
lt_cv_shlibpath_overrides_runpath=no
lt_cv_sys_global_symbol_pipe='/bin/sed -n -e '\''s/^.*[	 ]\([ABCDGIRSTW][ABCDGIRSTW]*\)[	 ][	 ]*\([_A-Za-z][_A-Za-z0-9]*\)$/\1 \2 \2/p'\'' | /bin/sed '\''/ __gnu_lto/d'\'''
lt_cv_sys_global_symbol_to_c_name_address='/bin/sed -n -e '\''s/^: \(.*\) .*$/  {"\1", (void *) 0},/p'\'' -e '\''s/^[ABCDGIRSTW][ABCDGIRSTW]* .* \(.*\)$/  {"\1", (void *) \&\1},/p'\'''
lt_cv_sys_global_symbol_to_c_name_address_lib_prefix='/bin/sed -n -e '\''s/^: \(.*\) .*$/  {"\1", (void *) 0},/p'\'' -e '\''s/^[ABCDGIRSTW][ABCDGIRSTW]* .* \(lib.*\)$/  {"\1", (void *) \&\1},/p'\'' -e '\''s/^[ABCDGIRSTW][ABCDGIRSTW]* .* \(.*\)$/  {"lib\1", (void *) \&\1},/p'\'''
lt_cv_sys_global_symbol_to_cdecl='/bin/sed -n -e '\''s/^T .* \(.*\)$/extern int \1();/p'\'' -e '\''s/^[ABCDGIRSTW][ABCDGIRSTW]* .* \(.*\)$/extern char \1;/p'\'''
lt_cv_sys_global_symbol_to_import=
lt_cv_sys_max_cmd_len=1572864
lt_cv_to_host_file_cmd=func_convert_file_noop
lt_cv_to_tool_file_cmd=func_convert_file_noop
lt_cv_truncate_bin='/bin/dd bs=4096 count=1'

## ----------------- ##
## Output variables. ##
## ----------------- ##

ACLOCAL='${SHELL} '\''/work/src/libnl-3.7.0/build-aux/missing'\'' aclocal-1.16'
AMDEPBACKSLASH='\'
AMDEP_FALSE='#'
AMDEP_TRUE=''
AMTAR='$${TAR-tar}'
AM_BACKSLASH='\'
AM_DEFAULT_V='$(AM_DEFAULT_VERBOSITY)'
AM_DEFAULT_VERBOSITY='0'
AM_V='$(V)'
AR='arm-linux-gnueabi-ar'
AUTOCONF='${SHELL} '\''/work/src/libnl-3.7.0/build-aux/missing'\'' autoconf'
AUTOHEADER='${SHELL} '\''/work/src/libnl-3.7.0/build-aux/missing'\'' autoheader'
AUTOMAKE='${SHELL} '\''/work/src/libnl-3.7.0/build-aux/missing'\'' automake-1.16'
AWK='gawk'
CC='arm-linux-gnueabi-gcc'
CCDEPMODE='depmode=gcc3'
CFLAGS='-O2 -march=armv7-a -mfpu=neon-vfpv4 -mfloat-abi=softfp'
CHECK_CFLAGS=''
CHECK_LIBS=''
CPPFLAGS=''
CSCOPE='cscope'
CTAGS='ctags'
CYGPATH_W='echo'
DEFS='-DHAVE_CONFIG_H'
DEPDIR='.deps'
DISABLE_PTHREADS_FALSE=''
DISABLE_PTHREADS_TRUE='#'
DLLTOOL='false'
DSYMUTIL=''
DUMPBIN=''
ECHO_C=''
ECHO_N='-n'
ECHO_T=''
EGREP='/bin/grep -E'
ENABLE_CLI_FALSE=''
ENABLE_CLI_INSTALL_BIN_FALSE=''
ENABLE_CLI_INSTALL_BIN_TRUE='#'
ENABLE_CLI_INSTALL_SBIN_FALSE=''
ENABLE_CLI_INSTALL_SBIN_TRUE='#'
ENABLE_CLI_TRUE='#'
ENABLE_STATIC_FALSE='#'
ENABLE_STATIC_TRUE=''
ETAGS='etags'
EXEEXT=''
FGREP='/bin/grep -F'
FILECMD='file'
FLEX='flex'
GREP='/bin/grep'
INSTALL_DATA='${INSTALL} -m 644'
INSTALL_PROGRAM='${INSTALL}'
INSTALL_SCRIPT='${INSTALL}'
INSTALL_STRIP_PROGRAM='$(install_sh) -c -s'
LD='/usr/arm-linux-gnueabi/bin/ld'
LDFLAGS=''
LIBNL_VERSION='3.7.0'
LIBOBJS=''
LIBS='-lpthread '
LIBTOOL='$(SHELL) $(top_builddir)/libtool'
LIPO=''
LN_S='ln -s'
LTLIBOBJS=''
LT_AGE='26'
LT_CURRENT='226'
LT_REVISION='0'
LT_SYS_LIBRARY_PATH=''
MAJ_VERSION='3'
MAKEINFO='${SHELL} '\''/work/src/libnl-3.7.0/build-aux/missing'\'' makeinfo'
MANIFEST_TOOL=':'
MIC_VERSION='0'
MIN_VERSION='7'
MKDIR_P='/bin/mkdir -p'
NM='/usr/bin/arm-linux-gnueabi-nm -B'
NMEDIT=''
OBJDUMP='arm-linux-gnueabi-objdump'
OBJEXT='o'
OTOOL64=''
OTOOL=''
PACKAGE='libnl'
PACKAGE_BUGREPORT=''
PACKAGE_NAME='libnl'
PACKAGE_STRING='libnl 3.7.0'
PACKAGE_TARNAME='libnl'
PACKAGE_URL='http://www.infradead.org/~tgr/libnl/'
PACKAGE_VERSION='3.7.0'
PATH_SEPARATOR=':'
PKG_CONFIG='/usr/bin/pkg-config'
PKG_CONFIG_LIBDIR=''
PKG_CONFIG_PATH=''
RANLIB='arm-linux-gnueabi-ranlib'
SED='/bin/sed'
SET_MAKE=''
SHELL='/bin/bash'
STRIP='arm-linux-gnueabi-strip'
VERSION='3.7.0'
WITH_CHECK_FALSE=''
WITH_CHECK_TRUE='#'
YACC='bison -y'
ac_ct_AR=''
ac_ct_CC=''
ac_ct_DUMPBIN=''
am__EXEEXT_FALSE=''
am__EXEEXT_TRUE='#'
am__fastdepCC_FALSE='#'
am__fastdepCC_TRUE=''
am__include='include'
am__isrc=''
am__leading_dot='.'
am__nodep='_no'
am__quote=''
am__tar='$${TAR-tar} chof - "$$tardir"'
am__untar='$${TAR-tar} xf -'
bindir='${exec_prefix}/bin'
build='aarch64-unknown-linux-gnu'
build_alias=''
build_cpu='aarch64'
build_os='linux-gnu'
build_vendor='unknown'
datadir='${datarootdir}'
datarootdir='${prefix}/share'
docdir='${datarootdir}/doc/${PACKAGE_TARNAME}'
dvidir='${docdir}'
exec_prefix='${prefix}'
host='arm-unknown-linux-gnueabi'
host_alias='arm-linux-gnueabi'
host_cpu='arm'
host_os='linux-gnueabi'
host_vendor='unknown'
htmldir='${docdir}'
includedir='${prefix}/include'
infodir='${datarootdir}/info'
install_sh='${SHELL} /work/src/libnl-3.7.0/build-aux/install-sh'
libdir='${exec_prefix}/lib'
libexecdir='${exec_prefix}/libexec'
localedir='${datarootdir}/locale'
localstatedir='${prefix}/var'
mandir='${datarootdir}/man'
mkdir_p='$(MKDIR_P)'
oldincludedir='/usr/include'
pdfdir='${docdir}'
pkgconfigdir='${libdir}/pkgconfig'
prefix='/work/build/wifi/nlprefix'
program_transform_name='s,x,x,'
psdir='${docdir}'
runstatedir='${localstatedir}/run'
sbindir='${exec_prefix}/sbin'
sharedstatedir='${prefix}/com'
subdirs=' doc'
sysconfdir='${prefix}/etc'
target_alias=''

## ----------- ##
## confdefs.h. ##
## ----------- ##

/* confdefs.h */
#define PACKAGE_NAME "libnl"
#define PACKAGE_TARNAME "libnl"
#define PACKAGE_VERSION "3.7.0"
#define PACKAGE_STRING "libnl 3.7.0"
#define PACKAGE_BUGREPORT ""
#define PACKAGE_URL "http://www.infradead.org/~tgr/libnl/"
#define PACKAGE "libnl"
#define VERSION "3.7.0"
#define HAVE_STDIO_H 1
#define HAVE_STDLIB_H 1
#define HAVE_STRING_H 1
#define HAVE_INTTYPES_H 1
#define HAVE_STDINT_H 1
#define HAVE_STRINGS_H 1
#define HAVE_SYS_STAT_H 1
#define HAVE_SYS_TYPES_H 1
#define HAVE_UNISTD_H 1
#define STDC_HEADERS 1
#define HAVE_DLFCN_H 1
#define LT_OBJDIR ".libs/"
#define HAVE_DLFCN_H 1
#define HAVE_LIBPTHREAD 1
#define NL_DEBUG 1
#define HAVE_STRERROR_L 1

configure: exit 0
